TLC2 Version 2.19 of 08 August 2024 (rev: 5a47802)
Warning: Please run the Java VM which executes TLC with a throughput optimized garbage collector by passing the "-XX:+UseParallelGC" property.
(Use the -nowarning option to disable this warning.)
Running breadth-first search Model-Checking with fp 1 and seed -4599394168721131401 with 12 workers on 12 cores with 7968MB heap and 64MB offheap memory [pid: 3433021] (Linux 6.1.0-51-amd64 amd64, Debian 17.0.20.1 x86_64, MSBDiskFPSet, DiskStateQueue).
Parsing file /root/habi_formal_methods/DIL_CRDT.tla
Parsing file /tmp/Naturals.tla
Parsing file /tmp/FiniteSets.tla
Parsing file /tmp/TLC.tla
Parsing file /tmp/Sequences.tla
Semantic processing of module Naturals
Semantic processing of module Sequences
Semantic processing of module FiniteSets
Semantic processing of module TLC
Semantic processing of module DIL_CRDT
Starting... (2026-09-08 03:13:20)
Computing initial states...
Finished computing initial states: 1 distinct state generated at 2026-09-08 03:13:21.
Error: Invariant NoDoubleSpendAcrossNodes is violated.
Error: The behavior up to this point is:
State 1: <Initial predicate>
/\ ledgers = [N1 |-> {"b1"}, N2 |-> {"b2"}, N3 |-> {}]
/\ networkUp = TRUE
/\ spent = [N1 |-> {}, N2 |-> {}, N3 |-> {}]

State 2: <Replicate line 50, col 3 to line 52, col 35 of module DIL_CRDT>
/\ ledgers = [N1 |-> {"b1", "b2"}, N2 |-> {"b1", "b2"}, N3 |-> {"b1", "b2"}]
/\ networkUp = TRUE
/\ spent = [N1 |-> {}, N2 |-> {}, N3 |-> {}]

State 3: <Disconnect line 23, col 15 to line 23, col 64 of module DIL_CRDT>
/\ ledgers = [N1 |-> {"b1", "b2"}, N2 |-> {"b1", "b2"}, N3 |-> {"b1", "b2"}]
/\ networkUp = FALSE
/\ spent = [N1 |-> {}, N2 |-> {}, N3 |-> {}]

State 4: <SpendAt line 42, col 3 to line 47, col 24 of module DIL_CRDT>
/\ ledgers = [N1 |-> {"b2"}, N2 |-> {"b1", "b2"}, N3 |-> {"b1", "b2"}]
/\ networkUp = FALSE
/\ spent = [N1 |-> {"b1"}, N2 |-> {}, N3 |-> {}]

State 5: <SpendAt line 42, col 3 to line 47, col 24 of module DIL_CRDT>
/\ ledgers = [N1 |-> {"b2"}, N2 |-> {"b2"}, N3 |-> {"b1", "b2"}]
/\ networkUp = FALSE
/\ spent = [N1 |-> {"b1"}, N2 |-> {"b1"}, N3 |-> {}]

161 states generated, 73 distinct states found, 23 states left on queue.
The depth of the complete state graph search is 8.
The average outdegree of the complete state graph is 2 (minimum is 0, the maximum 6 and the 95th percentile is 5).
Finished in 00s at (2026-09-08 03:13:21)
