TLC2 Version 2.19 of 08 August 2024 (rev: 5a47802)
Running breadth-first search Model-Checking with fp 127 and seed -2474100192269942827 with 12 workers on 12 cores with 7083MB heap and 64MB offheap memory [pid: 3609265] (Linux 6.1.0-51-amd64 amd64, Debian 17.0.20.1 x86_64, MSBDiskFPSet, DiskStateQueue).
Parsing file /root/habi_formal_methods/DIL_CRDT_PerLink_ConversionDay.tla
Parsing file /tmp/Naturals.tla
Parsing file /tmp/FiniteSets.tla
Parsing file /tmp/Sequences.tla
Semantic processing of module Naturals
Semantic processing of module Sequences
Semantic processing of module FiniteSets
Semantic processing of module DIL_CRDT_PerLink_ConversionDay
Starting... (2026-09-17 18:13:42)
Computing initial states...
Finished computing initial states: 1 distinct state generated at 2026-09-17 18:13:42.
Error: Invariant SettlementImpliesGlobalSafety is violated.
Error: The behavior up to this point is:
State 1: <Initial predicate>
/\ ledgers = [N1 |-> {"b1"}, N2 |-> {"b2"}, N3 |-> {}]
/\ network = [ N1 |-> [N1 |-> FALSE, N2 |-> TRUE, N3 |-> TRUE],
  N2 |-> [N1 |-> TRUE, N2 |-> FALSE, N3 |-> TRUE],
  N3 |-> [N1 |-> TRUE, N2 |-> TRUE, N3 |-> FALSE] ]
/\ spent = [N1 |-> {}, N2 |-> {}, N3 |-> {}]
/\ justSettled = FALSE

State 2: <Propagate line 41, col 3 to line 47, col 33 of module DIL_CRDT_PerLink_ConversionDay>
/\ ledgers = [N1 |-> {"b1", "b2"}, N2 |-> {"b2"}, N3 |-> {}]
/\ network = [ N1 |-> [N1 |-> FALSE, N2 |-> TRUE, N3 |-> TRUE],
  N2 |-> [N1 |-> TRUE, N2 |-> FALSE, N3 |-> TRUE],
  N3 |-> [N1 |-> TRUE, N2 |-> TRUE, N3 |-> FALSE] ]
/\ spent = [N1 |-> {}, N2 |-> {}, N3 |-> {}]
/\ justSettled = FALSE

State 3: <LinkDown line 24, col 3 to line 28, col 33 of module DIL_CRDT_PerLink_ConversionDay>
/\ ledgers = [N1 |-> {"b1", "b2"}, N2 |-> {"b2"}, N3 |-> {}]
/\ network = [ N1 |-> [N1 |-> FALSE, N2 |-> FALSE, N3 |-> TRUE],
  N2 |-> [N1 |-> FALSE, N2 |-> FALSE, N3 |-> TRUE],
  N3 |-> [N1 |-> TRUE, N2 |-> TRUE, N3 |-> FALSE] ]
/\ spent = [N1 |-> {}, N2 |-> {}, N3 |-> {}]
/\ justSettled = FALSE

State 4: <SpendAt line 50, col 3 to line 57, col 22 of module DIL_CRDT_PerLink_ConversionDay>
/\ ledgers = [N1 |-> {"b1"}, N2 |-> {"b2"}, N3 |-> {}]
/\ network = [ N1 |-> [N1 |-> FALSE, N2 |-> FALSE, N3 |-> TRUE],
  N2 |-> [N1 |-> FALSE, N2 |-> FALSE, N3 |-> TRUE],
  N3 |-> [N1 |-> TRUE, N2 |-> TRUE, N3 |-> FALSE] ]
/\ spent = [N1 |-> {"b2"}, N2 |-> {}, N3 |-> {}]
/\ justSettled = FALSE

State 5: <SpendAt line 50, col 3 to line 57, col 22 of module DIL_CRDT_PerLink_ConversionDay>
/\ ledgers = [N1 |-> {"b1"}, N2 |-> {}, N3 |-> {}]
/\ network = [ N1 |-> [N1 |-> FALSE, N2 |-> FALSE, N3 |-> TRUE],
  N2 |-> [N1 |-> FALSE, N2 |-> FALSE, N3 |-> TRUE],
  N3 |-> [N1 |-> TRUE, N2 |-> TRUE, N3 |-> FALSE] ]
/\ spent = [N1 |-> {"b2"}, N2 |-> {"b2"}, N3 |-> {}]
/\ justSettled = FALSE

State 6: <ConversionDay line 64, col 3 to line 76, col 46 of module DIL_CRDT_PerLink_ConversionDay>
/\ ledgers = [N1 |-> {"b1"}, N2 |-> {}, N3 |-> {}]
/\ network = [ N1 |-> [N1 |-> FALSE, N2 |-> FALSE, N3 |-> TRUE],
  N2 |-> [N1 |-> FALSE, N2 |-> FALSE, N3 |-> TRUE],
  N3 |-> [N1 |-> TRUE, N2 |-> TRUE, N3 |-> FALSE] ]
/\ spent = [N1 |-> {"b2"}, N2 |-> {"b2"}, N3 |-> {}]
/\ justSettled = TRUE

9493 states generated, 1182 distinct states found, 607 states left on queue.
The depth of the complete state graph search is 8.
The average outdegree of the complete state graph is 2 (minimum is 0, the maximum 9 and the 95th percentile is 6).
Finished in 00s at (2026-09-17 18:13:42)
